// Jest Snapshot v1, https://goo.gl/fbAQLP

exports[`<Main/> Should render a heading 1`] = `
.c0 {
  background-color: #282a36;
  color: #f2f2f2;
  height: 100%;
  width: 100%;
  display: -webkit-box;
  display: -webkit-flex;
  display: -ms-flexbox;
  display: flex;
  -webkit-align-items: center;
  -webkit-box-align: center;
  -ms-flex-align: center;
  align-items: center;
  -webkit-box-pack: center;
  -webkit-justify-content: center;
  -ms-flex-pack: center;
  justify-content: center;
  text-align: center;
  -webkit-flex-direction: column;
  -ms-flex-direction: column;
  flex-direction: column;
  gap: 1.6rem;
  padding: 3rem;
}

.c1 {
  font-size: 4rem;
}

.c2 {
  font-size: 2rem;
}

<main
  class="c0"
>
  <h1
    class="c1"
  >
    Nextjs boilerplate - Mizugawa
  </h1>
  <h2
    class="c2"
  >
    Typescript, Nextjs and Styled components
  </h2>
</main>
`;
